Extracted AlphaEarth chunk 1: 500/15057
Extracted AlphaEarth chunk 2: 1000/15057
Extracted AlphaEarth chunk 3: 1500/15057
Extracted AlphaEarth chunk 4: 2000/15057
Extracted AlphaEarth chunk 5: 2500/15057
Extracted AlphaEarth chunk 6: 3000/15057
Extracted AlphaEarth chunk 7: 3500/15057
Extracted AlphaEarth chunk 8: 4000/15057
Extracted AlphaEarth chunk 9: 4500/15057
Extracted AlphaEarth chunk 10: 5000/15057
Extracted AlphaEarth chunk 11: 5500/15057
Extracted AlphaEarth chunk 12: 6000/15057
Extracted AlphaEarth chunk 13: 6500/15057
Extracted AlphaEarth chunk 14: 7000/15057
Extracted AlphaEarth chunk 15: 7500/15057
Extracted AlphaEarth chunk 16: 8000/15057
Extracted AlphaEarth chunk 17: 8500/15057
Extracted AlphaEarth chunk 18: 9000/15057
Extracted AlphaEarth chunk 19: 9500/15057
Extracted AlphaEarth chunk 20: 10000/15057
Extracted AlphaEarth chunk 21: 10500/15057
Extracted AlphaEarth chunk 22: 11000/15057
Extracted AlphaEarth chunk 23: 11500/15057
Extracted AlphaEarth chunk 24: 12000/15057
Extracted AlphaEarth chunk 25: 12500/15057
Extracted AlphaEarth chunk 26: 13000/15057
Extracted AlphaEarth chunk 27: 13500/15057
Extracted AlphaEarth chunk 28: 14000/15057
Extracted AlphaEarth chunk 29: 14500/15057
Extracted AlphaEarth chunk 30: 15000/15057
Extracted AlphaEarth chunk 31: 15057/15057
{
  "schema_version": "eaton-alphaearth-validation-v1",
  "feature_set": "alphaearth_overhead",
  "split_dir": "data/splits/eaton_component_direction_v1",
  "features_csv": "data/features/eaton_alphaearth_2024.csv",
  "output_dir": "outputs/experiments/eaton_alphaearth_2024",
  "embedding_year": 2024,
  "seed": 13,
  "n_samples": 15057,
  "n_feature_columns": 128,
  "missing_rows": 0,
  "files": {
    "metrics": "outputs/experiments/eaton_alphaearth_2024/metrics.csv",
    "predictions": "outputs/experiments/eaton_alphaearth_2024/predictions.csv",
    "summary": "outputs/experiments/eaton_alphaearth_2024/summary.md"
  }
}
